// Jest Snapshot v1, https://goo.gl/fbAQLP

exports[`SearchInput renders correctly 1`] = `
<div
  className="SearchInput "
>
  <input
    aria-label="Search"
    className="input"
    data-testid="SearchInput-input"
    onBlur={[Function]}
    onChange={[Function]}
    onFocus={[Function]}
    onKeyDown={[Function]}
    placeholder="Search"
    type="text"
    value="any"
  />
  <button
    aria-label="Clear"
    className="ButtonWithIcon"
    data-testid="SearchInput-clear-icon"
    onClick={[Function]}
  >
    <span
      className="icon"
    >
      <svg>
        close-24px.svg
      </svg>
    </span>
  </button>
  <button
    aria-label="Submit search"
    className="ButtonWithIcon"
    data-testid="SearchInput-search-icon"
    onClick={[Function]}
  >
    <span
      className="icon"
    >
      <svg>
        search-24px.svg
      </svg>
    </span>
  </button>
</div>
`;
